=== recreate lore-lore ===
43e03d4683ebc4bbf0d883583eba1aa73ee48db0dcb8b2dad9096e7228562691
  launched lore-lore on f25c18976b2b
=== recreate lore-demand_intelligence ===
c5f98808a138816e7bf73aae18206499e9dd0f05b7a3c8dcee841f991b087dc3
  launched lore-demand_intelligence on f25c18976b2b

=== boot-smoke lore-demand_intelligence (port 9201, up to 60s) ===
bound
  lore-demand_intelligence: port 9201 ACCEPTING after 15s
  lore-demand_intelligence Up 16 seconds
  --- last serving log lines ---
    [07/16/26 15:38:29] INFO     startup.watcher.started              server.py:5979
    {"ts": "2026-07-16T15:38:38.210081+00:00", "level": "INFO", "logger": "loremaster.index.reconcile", "msg": "reconcile.summary", "files_indexed": 0, "files_failed": 0, "files_skipped": 1331, "files_purged": 0, "tiers_rebuilt": ["demand_intelligence"], "tiers_skipped": [], "duration_ms": 1487.664189}
    [07/16/26 15:38:38] INFO     startup.reconcile.initial            server.py:6015
                        INFO     startup.calibration.committed        server.py:4321
    INFO:     Application startup complete.
    INFO:     Uvicorn running on http://127.0.0.1:9201 (Press CTRL+C to quit)
=== boot-smoke lore-lore (port 9202, up to 240s) ===
bound
  lore-lore: port 9202 ACCEPTING after 0s
  lore-lore Up 17 seconds
  --- last serving log lines ---
                        INFO     startup.watcher.started              server.py:5979
    {"ts": "2026-07-16T15:38:33.988955+00:00", "level": "INFO", "logger": "loremaster.index.reconcile", "msg": "reconcile.summary", "files_indexed": 0, "files_failed": 0, "files_skipped": 297, "files_purged": 0, "tiers_rebuilt": ["lore"], "tiers_skipped": [], "duration_ms": 447.000254}
    [07/16/26 15:38:33] INFO     startup.reconcile.initial            server.py:6015
                        INFO     startup.calibration.committed        server.py:4321
    INFO:     Application startup complete.
    INFO:     Uvicorn running on http://127.0.0.1:9202 (Press CTRL+C to quit)
=== BOTH RECREATED + SMOKED GREEN ===
